[0729/214559.449:INFO:CONSOLE:33] "[Pub sub message]: Betting experience updates delivery state, please check metadata for more information [object Object]", source:  (33)
[0729/214559.456:INFO:CONSOLE:590] "KSP client initialized", source: https://www.unibet.co.uk/kwp-bundle-store/ksp-client-registry/0.0.258-hotfix-KSBP-116226/ksp-customer-client-production-system-0.3.658-hotfix-KSBP-117621.js (590)
[0729/214559.883:INFO:CONSOLE:33] "[Betting experience]: Betting experience ksp logging error, invalid metadata key naming, should start with getUserPreferences [object Object]", source:  (33)
[0729/214600.197:INFO:CONSOLE:1] "LivePerson not ready; stashed section on lpTag: [unibet_uk, authenticated, route-ksp-home]", source: https://www.unibet.co.uk/kwp-bundle-store/helpcenter/0.0.88/CO3Cqg3P.min.js (1)
[0729/214600.204:INFO:CONSOLE:1] "LivePerson not ready; stashed section on lpTag: [unibet_uk, authenticated, route-ksp-home]", source: https://www.unibet.co.uk/kwp-bundle-store/helpcenter/0.0.88/CO3Cqg3P.min.js (1)
[0729/214600.422:INFO:CONSOLE:1] "Already joined interest group @ 1785163464088", source: https://acdn.adnxs.com/dmp/up/pixie.js (1)
[0729/214600.651:INFO:CONSOLE:5] "favourites sync failed:  TypeError: Failed to fetch", source: https://www.unibet.co.uk/kwp-bundle-store/ksp-client-registry/0.0.258-hotfix-KSBP-116226/ksp-shared-components-production-system-0.4.753-hotfix-KSBP-115879.js (5)
[0729/214602.171:INFO:CONSOLE:33] "[Pub sub message]: Betting experience updates delivery state, please check metadata for more information [object Object]", source:  (33)
[0729/214602.176:INFO:CONSOLE:590] "KSP client initialized", source: https://www.unibet.co.uk/kwp-bundle-store/ksp-client-registry/0.0.258-hotfix-KSBP-116226/ksp-customer-client-production-system-0.3.658-hotfix-KSBP-117621.js (590)
[0729/214602.560:INFO:CONSOLE:33] "[Betting experience]: Betting experience ksp logging error, invalid metadata key naming, should start with getUserPreferences [object Object]", source:  (33)
[0729/214602.857:INFO:CONSOLE:1] "Already joined interest group @ 1785163464088", source: https://acdn.adnxs.com/dmp/up/pixie.js (1)
[0729/214603.542:INFO:CONSOLE:1] "LivePerson not ready; stashed section on lpTag: [unibet_uk, authenticated, route-ksp-home]", source: https://www.unibet.co.uk/kwp-bundle-store/helpcenter/0.0.88/CO3Cqg3P.min.js (1)
[0729/214603.546:INFO:CONSOLE:1] "LivePerson not ready; stashed section on lpTag: [unibet_uk, authenticated, route-ksp-home]", source: https://www.unibet.co.uk/kwp-bundle-store/helpcenter/0.0.88/CO3Cqg3P.min.js (1)
[0729/214606.205:INFO:CONSOLE:1] "Tracker already exists.", source: https://c1.adalyser.com/adalyser.js?cid=unibetuk (1)
[0729/214610.743:INFO:CONSOLE:188] "[Meta Pixel] - Duplicate Pixel ID: 2494502664078262.", source: https://connect.facebook.net/en_US/fbevents.js (188)
[0729/214610.743:INFO:CONSOLE:188] "[Meta Pixel] - Duplicate Pixel ID: 1424007068000407.", source: https://connect.facebook.net/en_US/fbevents.js (188)
[0729/214614.584:INFO:CONSOLE:1] "[LP] OFFER_IMPRESSION engagementId -> 8479198555", source: https://www.unibet.co.uk/kwp-bundle-store/helpcenter/0.0.88/CO3Cqg3P.min.js (1)
[0729/214614.584:INFO:CONSOLE:1] "[LP] OFFER_IMPRESSION applying cache [object Object]", source: https://www.unibet.co.uk/kwp-bundle-store/helpcenter/0.0.88/CO3Cqg3P.min.js (1)
[0729/215603.104:INFO:CONSOLE:33] "[Pub sub message]: Betting experience updates delivery state, please check metadata for more information [object Object]", source:  (33)
[0729/215603.110:INFO:CONSOLE:590] "KSP client initialized", source: https://www.unibet.co.uk/kwp-bundle-store/ksp-client-registry/0.0.258-hotfix-KSBP-116226/ksp-customer-client-production-system-0.3.658-hotfix-KSBP-117621.js (590)
[0729/215603.575:INFO:CONSOLE:33] "[Betting experience]: Betting experience ksp logging error, invalid metadata key naming, should start with getUserPreferences [object Object]", source:  (33)
[0729/215604.370:INFO:CONSOLE:188] "[Meta Pixel] - Duplicate Pixel ID: 2494502664078262.", source: https://connect.facebook.net/en_US/fbevents.js (188)
[0729/215604.370:INFO:CONSOLE:188] "[Meta Pixel] - Duplicate Pixel ID: 1424007068000407.", source: https://connect.facebook.net/en_US/fbevents.js (188)
[0729/215604.373:INFO:CONSOLE:1] "Tracker already exists.", source: https://c1.adalyser.com/adalyser.js?cid=unibetuk (1)
[0729/215604.477:INFO:CONSOLE:1] "LivePerson not ready; stashed section on lpTag: [unibet_uk, authenticated, route-ksp-home]", source: https://www.unibet.co.uk/kwp-bundle-store/helpcenter/0.0.88/CO3Cqg3P.min.js (1)
[0729/215604.483:INFO:CONSOLE:1] "LivePerson not ready; stashed section on lpTag: [unibet_uk, authenticated, route-ksp-home]", source: https://www.unibet.co.uk/kwp-bundle-store/helpcenter/0.0.88/CO3Cqg3P.min.js (1)
[0729/215604.619:INFO:CONSOLE:1] "Already joined interest group @ 1785163464088", source: https://acdn.adnxs.com/dmp/up/pixie.js (1)
[0729/215611.247:INFO:CONSOLE:1] "[LP] OFFER_IMPRESSION engagementId -> 8479198555", source: https://www.unibet.co.uk/kwp-bundle-store/helpcenter/0.0.88/CO3Cqg3P.min.js (1)
[0729/215611.247:INFO:CONSOLE:1] "[LP] OFFER_IMPRESSION applying cache [object Object]", source: https://www.unibet.co.uk/kwp-bundle-store/helpcenter/0.0.88/CO3Cqg3P.min.js (1)
[0729/220602.330:INFO:CONSOLE:33] "[Pub sub message]: Betting experience updates delivery state, please check metadata for more information [object Object]", source:  (33)
[0729/220602.340:INFO:CONSOLE:590] "KSP client initialized", source: https://www.unibet.co.uk/kwp-bundle-store/ksp-client-registry/0.0.258-hotfix-KSBP-116226/ksp-customer-client-production-system-0.3.658-hotfix-KSBP-117621.js (590)
[0729/220602.788:INFO:CONSOLE:33] "[Betting experience]: Betting experience ksp logging error, invalid metadata key naming, should start with getUserPreferences [object Object]", source:  (33)
[0729/220602.850:INFO:CONSOLE:1] "Tracker already exists.", source: https://c1.adalyser.com/adalyser.js?cid=unibetuk (1)
[0729/220602.948:INFO:CONSOLE:188] "[Meta Pixel] - Duplicate Pixel ID: 2494502664078262.", source: https://connect.facebook.net/en_US/fbevents.js (188)
[0729/220602.948:INFO:CONSOLE:188] "[Meta Pixel] - Duplicate Pixel ID: 1424007068000407.", source: https://connect.facebook.net/en_US/fbevents.js (188)
[0729/220603.122:INFO:CONSOLE:1] "LivePerson not ready; stashed section on lpTag: [unibet_uk, authenticated, route-ksp-home]", source: https://www.unibet.co.uk/kwp-bundle-store/helpcenter/0.0.88/CO3Cqg3P.min.js (1)
[0729/220603.127:INFO:CONSOLE:1] "LivePerson not ready; stashed section on lpTag: [unibet_uk, authenticated, route-ksp-home]", source: https://www.unibet.co.uk/kwp-bundle-store/helpcenter/0.0.88/CO3Cqg3P.min.js (1)
[0729/220603.758:INFO:CONSOLE:1] "Already joined interest group @ 1785163464088", source: https://acdn.adnxs.com/dmp/up/pixie.js (1)
[0729/220616.125:INFO:CONSOLE:1] "[LP] OFFER_IMPRESSION engagementId -> 8479198555", source: https://www.unibet.co.uk/kwp-bundle-store/helpcenter/0.0.88/CO3Cqg3P.min.js (1)
[0729/220616.126:INFO:CONSOLE:1] "[LP] OFFER_IMPRESSION applying cache [object Object]", source: https://www.unibet.co.uk/kwp-bundle-store/helpcenter/0.0.88/CO3Cqg3P.min.js (1)
[0729/221603.966:INFO:CONSOLE:33] "[Pub sub message]: Betting experience updates delivery state, please check metadata for more information [object Object]", source:  (33)
[0729/221603.973:INFO:CONSOLE:590] "KSP client initialized", source: https://www.unibet.co.uk/kwp-bundle-store/ksp-client-registry/0.0.258-hotfix-KSBP-116226/ksp-customer-client-production-system-0.3.658-hotfix-KSBP-117621.js (590)
[0729/221604.354:INFO:CONSOLE:1] "Tracker already exists.", source: https://c1.adalyser.com/adalyser.js?cid=unibetuk (1)
[0729/221604.607:INFO:CONSOLE:33] "[Betting experience]: Betting experience ksp logging error, invalid metadata key naming, should start with getUserPreferences [object Object]", source:  (33)
[0729/221604.954:INFO:CONSOLE:1] "LivePerson not ready; stashed section on lpTag: [unibet_uk, authenticated, route-ksp-home]", source: https://www.unibet.co.uk/kwp-bundle-store/helpcenter/0.0.88/CO3Cqg3P.min.js (1)
[0729/221604.958:INFO:CONSOLE:1] "LivePerson not ready; stashed section on lpTag: [unibet_uk, authenticated, route-ksp-home]", source: https://www.unibet.co.uk/kwp-bundle-store/helpcenter/0.0.88/CO3Cqg3P.min.js (1)
[0729/221605.479:INFO:CONSOLE:1] "Already joined interest group @ 1785163464088", source: https://acdn.adnxs.com/dmp/up/pixie.js (1)
[0729/221610.050:INFO:CONSOLE:1] "[LP] OFFER_IMPRESSION engagementId -> 8479198555", source: https://www.unibet.co.uk/kwp-bundle-store/helpcenter/0.0.88/CO3Cqg3P.min.js (1)
[0729/221610.050:INFO:CONSOLE:1] "[LP] OFFER_IMPRESSION applying cache [object Object]", source: https://www.unibet.co.uk/kwp-bundle-store/helpcenter/0.0.88/CO3Cqg3P.min.js (1)
[0729/221610.422:INFO:CONSOLE:188] "[Meta Pixel] - Duplicate Pixel ID: 2494502664078262.", source: https://connect.facebook.net/en_US/fbevents.js (188)
[0729/221610.422:INFO:CONSOLE:188] "[Meta Pixel] - Duplicate Pixel ID: 1424007068000407.", source: https://connect.facebook.net/en_US/fbevents.js (188)
[0729/222604.400:INFO:CONSOLE:33] "[Pub sub message]: Betting experience updates delivery state, please check metadata for more information [object Object]", source:  (33)
[0729/222604.413:INFO:CONSOLE:590] "KSP client initialized", source: https://www.unibet.co.uk/kwp-bundle-store/ksp-client-registry/0.0.258-hotfix-KSBP-116226/ksp-customer-client-production-system-0.3.658-hotfix-KSBP-117621.js (590)
[0729/222605.452:INFO:CONSOLE:1] "Tracker already exists.", source: https://c1.adalyser.com/adalyser.js?cid=unibetuk (1)
[0729/222605.798:INFO:CONSOLE:188] "[Meta Pixel] - Duplicate Pixel ID: 2494502664078262.", source: https://connect.facebook.net/en_US/fbevents.js (188)
[0729/222605.798:INFO:CONSOLE:188] "[Meta Pixel] - Duplicate Pixel ID: 1424007068000407.", source: https://connect.facebook.net/en_US/fbevents.js (188)
[0729/222606.826:INFO:CONSOLE:1] "Already joined interest group @ 1785163464088", source: https://acdn.adnxs.com/dmp/up/pixie.js (1)
[0729/222607.024:INFO:CONSOLE:33] "[Betting experience]: Betting experience ksp logging error, invalid metadata key naming, should start with getUserPreferences [object Object]", source:  (33)
[0729/222607.537:INFO:CONSOLE:1] "LivePerson not ready; stashed section on lpTag: [unibet_uk, authenticated, route-ksp-home]", source: https://www.unibet.co.uk/kwp-bundle-store/helpcenter/0.0.88/CO3Cqg3P.min.js (1)
[0729/222607.553:INFO:CONSOLE:1] "LivePerson not ready; stashed section on lpTag: [unibet_uk, authenticated, route-ksp-home]", source: https://www.unibet.co.uk/kwp-bundle-store/helpcenter/0.0.88/CO3Cqg3P.min.js (1)
[0729/222614.878:INFO:CONSOLE:1] "[LP] OFFER_IMPRESSION engagementId -> 8479198555", source: https://www.unibet.co.uk/kwp-bundle-store/helpcenter/0.0.88/CO3Cqg3P.min.js (1)
[0729/222614.878:INFO:CONSOLE:1] "[LP] OFFER_IMPRESSION applying cache [object Object]", source: https://www.unibet.co.uk/kwp-bundle-store/helpcenter/0.0.88/CO3Cqg3P.min.js (1)
[0729/223603.936:INFO:CONSOLE:33] "[Pub sub message]: Betting experience updates delivery state, please check metadata for more information [object Object]", source:  (33)
[0729/223603.947:INFO:CONSOLE:590] "KSP client initialized", source: https://www.unibet.co.uk/kwp-bundle-store/ksp-client-registry/0.0.258-hotfix-KSBP-116226/ksp-customer-client-production-system-0.3.658-hotfix-KSBP-117621.js (590)
[0729/223604.955:INFO:CONSOLE:1] "Tracker already exists.", source: https://c1.adalyser.com/adalyser.js?cid=unibetuk (1)
[0729/223605.490:INFO:CONSOLE:188] "[Meta Pixel] - Duplicate Pixel ID: 2494502664078262.", source: https://connect.facebook.net/en_US/fbevents.js (188)
[0729/223605.490:INFO:CONSOLE:188] "[Meta Pixel] - Duplicate Pixel ID: 1424007068000407.", source: https://connect.facebook.net/en_US/fbevents.js (188)
[0729/223606.642:INFO:CONSOLE:1] "Already joined interest group @ 1785163464088", source: https://acdn.adnxs.com/dmp/up/pixie.js (1)
[0729/223606.753:INFO:CONSOLE:33] "[Betting experience]: Betting experience ksp logging error, invalid metadata key naming, should start with getUserPreferences [object Object]", source:  (33)
[0729/223607.264:INFO:CONSOLE:1] "LivePerson not ready; stashed section on lpTag: [unibet_uk, authenticated, route-ksp-home]", source: https://www.unibet.co.uk/kwp-bundle-store/helpcenter/0.0.88/CO3Cqg3P.min.js (1)
[0729/223607.276:INFO:CONSOLE:1] "LivePerson not ready; stashed section on lpTag: [unibet_uk, authenticated, route-ksp-home]", source: https://www.unibet.co.uk/kwp-bundle-store/helpcenter/0.0.88/CO3Cqg3P.min.js (1)
[0729/223611.194:INFO:CONSOLE:1] "[LP] OFFER_IMPRESSION engagementId -> 8479198555", source: https://www.unibet.co.uk/kwp-bundle-store/helpcenter/0.0.88/CO3Cqg3P.min.js (1)
[0729/223611.194:INFO:CONSOLE:1] "[LP] OFFER_IMPRESSION applying cache [object Object]", source: https://www.unibet.co.uk/kwp-bundle-store/helpcenter/0.0.88/CO3Cqg3P.min.js (1)
[0729/224601.084:INFO:CONSOLE:590] "KSP client initialized", source: https://www.unibet.co.uk/kwp-bundle-store/ksp-client-registry/0.0.258-hotfix-KSBP-116226/ksp-customer-client-production-system-0.3.658-hotfix-KSBP-117621.js (590)
[0729/224601.900:INFO:CONSOLE:1] "LivePerson not ready; stashed section on lpTag: [unibet_uk, authenticated, route-ksp-home]", source: https://www.unibet.co.uk/kwp-bundle-store/helpcenter/0.0.88/CO3Cqg3P.min.js (1)
[0729/224601.911:INFO:CONSOLE:1] "LivePerson not ready; stashed section on lpTag: [unibet_uk, authenticated, route-ksp-home]", source: https://www.unibet.co.uk/kwp-bundle-store/helpcenter/0.0.88/CO3Cqg3P.min.js (1)
[0729/224602.226:INFO:CONSOLE:1] "Already joined interest group @ 1785163464088", source: https://acdn.adnxs.com/dmp/up/pixie.js (1)
[0729/224603.849:INFO:CONSOLE:33] "[Pub sub message]: Betting experience updates delivery state, please check metadata for more information [object Object]", source:  (33)
[0729/224604.976:INFO:CONSOLE:1] "Tracker already exists.", source: https://c1.adalyser.com/adalyser.js?cid=unibetuk (1)
[0729/224605.442:INFO:CONSOLE:33] "[Betting experience]: Betting experience ksp logging error, invalid metadata key naming, should start with getUserPreferences [object Object]", source:  (33)
[0729/224610.885:INFO:CONSOLE:188] "[Meta Pixel] - Duplicate Pixel ID: 2494502664078262.", source: https://connect.facebook.net/en_US/fbevents.js (188)
[0729/224610.885:INFO:CONSOLE:188] "[Meta Pixel] - Duplicate Pixel ID: 1424007068000407.", source: https://connect.facebook.net/en_US/fbevents.js (188)
[0729/224614.587:INFO:CONSOLE:1] "[LP] OFFER_IMPRESSION engagementId -> 8479198555", source: https://www.unibet.co.uk/kwp-bundle-store/helpcenter/0.0.88/CO3Cqg3P.min.js (1)
[0729/224614.587:INFO:CONSOLE:1] "[LP] OFFER_IMPRESSION applying cache [object Object]", source: https://www.unibet.co.uk/kwp-bundle-store/helpcenter/0.0.88/CO3Cqg3P.min.js (1)
[0729/225603.700:INFO:CONSOLE:33] "[Pub sub message]: Betting experience updates delivery state, please check metadata for more information [object Object]", source:  (33)
[0729/225603.708:INFO:CONSOLE:590] "KSP client initialized", source: https://www.unibet.co.uk/kwp-bundle-store/ksp-client-registry/0.0.258-hotfix-KSBP-116226/ksp-customer-client-production-system-0.3.658-hotfix-KSBP-117621.js (590)
[0729/225604.212:INFO:CONSOLE:1] "Tracker already exists.", source: https://c1.adalyser.com/adalyser.js?cid=unibetuk (1)
[0729/225604.461:INFO:CONSOLE:188] "[Meta Pixel] - Duplicate Pixel ID: 2494502664078262.", source: https://connect.facebook.net/en_US/fbevents.js (188)
[0729/225604.461:INFO:CONSOLE:188] "[Meta Pixel] - Duplicate Pixel ID: 1424007068000407.", source: https://connect.facebook.net/en_US/fbevents.js (188)
[0729/225604.649:INFO:CONSOLE:33] "[Betting experience]: Betting experience ksp logging error, invalid metadata key naming, should start with getUserPreferences [object Object]", source:  (33)
[0729/225604.943:INFO:CONSOLE:1] "LivePerson not ready; stashed section on lpTag: [unibet_uk, authenticated, route-ksp-home]", source: https://www.unibet.co.uk/kwp-bundle-store/helpcenter/0.0.88/CO3Cqg3P.min.js (1)
[0729/225604.949:INFO:CONSOLE:1] "LivePerson not ready; stashed section on lpTag: [unibet_uk, authenticated, route-ksp-home]", source: https://www.unibet.co.uk/kwp-bundle-store/helpcenter/0.0.88/CO3Cqg3P.min.js (1)
[0729/225605.146:INFO:CONSOLE:1] "Already joined interest group @ 1785163464088", source: https://acdn.adnxs.com/dmp/up/pixie.js (1)
[0729/225611.600:INFO:CONSOLE:1] "[LP] OFFER_IMPRESSION engagementId -> 8479198555", source: https://www.unibet.co.uk/kwp-bundle-store/helpcenter/0.0.88/CO3Cqg3P.min.js (1)
[0729/225611.600:INFO:CONSOLE:1] "[LP] OFFER_IMPRESSION applying cache [object Object]", source: https://www.unibet.co.uk/kwp-bundle-store/helpcenter/0.0.88/CO3Cqg3P.min.js (1)
